# name: test_extract_ev_charging_events
  list([
    dict({
      'address': 'Am Born 6B, 22765 Hamburg',
      'lat': 53.55308,
      'lon': 9.9266,
      'status': 'charging',
      'timestamp': '2022-05-17T17:26:35.610Z',
    }),
    dict({
      'address': 'Bei der Johanniskirche 16, 22767 Hamburg',
      'lat': 53.55989,
      'lon': 9.95406,
      'status': 'available',
      'timestamp': '2022-05-17T16:23:35.516Z',
    }),
    dict({
      'address': 'Hühnerposten 14, 20097 Hamburg',
      'lat': 53.5498,
      'lon': 10.00964,
      'status': 'available',
      'timestamp': '2022-05-17T10:10:41.418Z',
    }),
    dict({
      'address': 'Falkentaler Weg 4, 22587 Hamburg',
      'lat': 53.55993,
      'lon': 9.79076,
      'status': 'available',
      'timestamp': '2022-05-17T10:36:07.184Z',
    }),
    dict({
      'address': 'Großmoorring 11, 21079 Hamburg',
      'lat': 53.45709,
      'lon': 10.00606,
      'status': 'available',
      'timestamp': '2022-05-17T14:58:47.338Z',
    }),
    dict({
      'address': 'Gertigstraße 64, 22303 Hamburg',
      'lat': 53.582853,
      'lon': 10.018196,
      'status': 'charging',
      'timestamp': '2022-05-17T16:29:34.724Z',
    }),
    dict({
      'address': 'Bornstraße 18, 20146 Hamburg',
      'lat': 53.568175,
      'lon': 9.981787,
      'status': 'available',
      'timestamp': '2022-05-16T22:18:33.561Z',
    }),
    dict({
      'address': 'Dithmarscher Straße 9, 22049 Hamburg',
      'lat': 53.5773,
      'lon': 10.05948,
      'status': 'outoforder',
      'timestamp': '2022-01-17T17:31:33.409Z',
    }),
    dict({
      'address': 'Luruper Hauptstraße 138, 22547 Hamburg',
      'lat': 53.591702,
      'lon': 9.872562,
      'status': 'available',
      'timestamp': '2022-05-16T22:32:48.024Z',
    }),
    dict({
      'address': 'Dehnhaide 111, 22081 Hamburg',
      'lat': 53.57909,
      'lon': 10.05152,
      'status': 'available',
      'timestamp': '2022-05-17T14:14:31.485Z',
    }),
    dict({
      'address': 'Schinkelstraße 1, 22303 Hamburg',
      'lat': 53.581918,
      'lon': 10.01352,
      'status': 'charging',
      'timestamp': '2022-05-17T16:48:56.482Z',
    }),
    dict({
      'address': 'Heinrich-Barth-Straße 18, 20146 Hamburg',
      'lat': 53.57139,
      'lon': 9.98122,
      'status': 'available',
      'timestamp': '2022-05-17T15:15:17.777Z',
    }),
    dict({
      'address': 'Düppelstraße 23, 22769 Hamburg',
      'lat': 53.564417,
      'lon': 9.947559,
      'status': 'available',
      'timestamp': '2022-05-17T03:53:48.312Z',
    }),
    dict({
      'address': 'Heegbarg 12, 22391 Hamburg',
      'lat': 53.65365,
      'lon': 10.09258,
      'status': 'available',
      'timestamp': '2022-05-17T17:01:49.300Z',
    }),
    dict({
      'address': 'Bartelsstraße 41, 20357 Hamburg',
      'lat': 53.56241,
      'lon': 9.96418,
      'status': 'charging',
      'timestamp': '2022-05-17T10:07:39.743Z',
    }),
    dict({
      'address': 'Oelkersallee 1, 22769 Hamburg',
      'lat': 53.56183,
      'lon': 9.95388,
      'status': 'available',
      'timestamp': '2022-05-17T07:23:35.500Z',
    }),
    dict({
      'address': 'Löwenstraße 20, 20251 Hamburg',
      'lat': 53.58378,
      'lon': 9.97836,
      'status': 'charging',
      'timestamp': '2022-05-16T19:04:14.941Z',
    }),
    dict({
      'address': 'Eppendorfer Weg 86, 20259 Hamburg',
      'lat': 53.57424,
      'lon': 9.96188,
      'status': 'outoforder',
      'timestamp': '2022-01-13T16:46:43.200Z',
    }),
    dict({
      'address': 'Grasweg 6, 22299 Hamburg',
      'lat': 53.59282,
      'lon': 10.00215,
      'status': 'outoforder',
      'timestamp': '2021-04-21T11:29:59.066Z',
    }),
    dict({
      'address': 'Öjendorfer Damm 60, 22043 Hamburg',
      'lat': 53.5718,
      'lon': 10.13653,
      'status': 'charging',
      'timestamp': '2022-05-17T17:20:12.265Z',
    }),
    dict({
      'address': 'Volksdorfer Damm 252, 22395 Hamburg',
      'lat': 53.67102,
      'lon': 10.12931,
      'status': 'available',
      'timestamp': '2022-05-17T12:45:41.617Z',
    }),
    dict({
      'address': 'Jütländer Allee 47, 22527 Hamburg',
      'lat': 53.6,
      'lon': 9.92848,
      'status': 'available',
      'timestamp': '2022-05-17T13:58:37.947Z',
    }),
    dict({
      'address': 'Tondernstraße 24, 20564 Hamburg',
      'lat': 53.587491,
      'lon': 10.064361,
      'status': 'available',
      'timestamp': '2022-05-17T12:59:39.761Z',
    }),
    dict({
      'address': 'Hohenesch 50, 22765 Hamburg',
      'lat': 53.554339,
      'lon': 9.930795,
      'status': 'available',
      'timestamp': '2022-05-17T15:30:53.247Z',
    }),
    dict({
      'address': 'Mühlendamm 29, 22087 Hamburg',
      'lat': 53.561396,
      'lon': 10.025129,
      'status': 'charging',
      'timestamp': '2022-05-17T17:30:33.045Z',
    }),
    dict({
      'address': 'Neumann-Reichard-Straße 22, 22041 Hamburg',
      'lat': 53.57273,
      'lon': 10.07915,
      'status': 'available',
      'timestamp': '2022-05-17T15:10:09.633Z',
    }),
    dict({
      'address': 'Rathausstraße 6, 20095 Hamburg',
      'lat': 53.549964,
      'lon': 9.994737,
      'status': 'available',
      'timestamp': '2022-05-17T16:11:07.521Z',
    }),
    dict({
      'address': 'Heilwigstraße 2, 20249 Hamburg',
      'lat': 53.580799,
      'lon': 9.996298,
      'status': 'available',
      'timestamp': '2022-05-17T06:40:15.458Z',
    }),
    dict({
      'address': 'Saseler Chaussee 109, 22393 Hamburg',
      'lat': 53.644017,
      'lon': 10.09984,
      'status': 'available',
      'timestamp': '2022-05-17T16:13:40.210Z',
    }),
    dict({
      'address': 'Finkenau 11, 22081 Hamburg',
      'lat': 53.57045,
      'lon': 10.03116,
      'status': 'outoforder',
      'timestamp': '2021-08-23T08:57:41.822Z',
    }),
    dict({
      'address': 'Kantstraße 4, 22089 Hamburg',
      'lat': 53.56909,
      'lon': 10.05361,
      'status': 'outoforder',
      'timestamp': '2021-12-25T08:21:34.665Z',
    }),
    dict({
      'address': 'Überseering 10, 22297 Hamburg',
      'lat': 53.604371,
      'lon': 10.026856,
      'status': 'charging',
      'timestamp': '2022-05-17T16:04:10.936Z',
    }),
    dict({
      'address': 'Tibarg 24, 22459 Hamburg',
      'lat': 53.61896,
      'lon': 9.95122,
      'status': 'outoforder',
      'timestamp': '2022-03-26T11:55:11.590Z',
    }),
    dict({
      'address': 'Essener Bogen 1, 22419 Hamburg',
      'lat': 53.674787,
      'lon': 9.996345,
      'status': 'available',
      'timestamp': '2022-05-17T14:53:01.578Z',
    }),
    dict({
      'address': 'Esmarchstraße 51, 22767 Hamburg',
      'lat': 53.55422,
      'lon': 9.94347,
      'status': 'charging',
      'timestamp': '2022-05-17T17:06:25.518Z',
    }),
    dict({
      'address': 'Brauerknechtgraben 55, 22459 Hamburg',
      'lat': 53.546024,
      'lon': 9.97634,
      'status': 'charging',
      'timestamp': '2022-05-17T15:59:07.576Z',
    }),
    dict({
      'address': 'Stormarnplatz 1, 22393 Hamburg',
      'lat': 53.651655,
      'lon': 10.094765,
      'status': 'charging',
      'timestamp': '2022-05-17T16:54:08.255Z',
    }),
    dict({
      'address': 'Rahlstedter Straße 154, 22143 Hamburg',
      'lat': 53.60436,
      'lon': 10.16062,
      'status': 'available',
      'timestamp': '2022-05-17T17:25:39.734Z',
    }),
    dict({
      'address': 'Nedderfeld 80, 22529 Hamburg',
      'lat': 53.60157,
      'lon': 9.97556,
      'status': 'charging',
      'timestamp': '2022-05-17T16:12:01.424Z',
    }),
    dict({
      'address': 'Großer Schippsee 18, 21073 Hamburg',
      'lat': 53.460619,
      'lon': 9.98337,
      'status': 'available',
      'timestamp': '2022-05-17T14:41:06.873Z',
    }),
    dict({
      'address': 'Frankenstraße 35, 20097 Hamburg',
      'lat': 53.549576,
      'lon': 10.026147,
      'status': 'available',
      'timestamp': '2022-05-17T13:13:06.633Z',
    }),
    dict({
      'address': 'Veringstraße 173, 21107 Hamburg',
      'lat': 53.50427,
      'lon': 9.98539,
      'status': 'outoforder',
      'timestamp': '2021-11-19T12:02:52.561Z',
    }),
    dict({
      'address': 'Holstenstraße 156, 20535 Hamburg',
      'lat': 53.559071,
      'lon': 9.94859,
      'status': 'available',
      'timestamp': '2022-05-17T16:29:06.465Z',
    }),
    dict({
      'address': 'Schubackstraße 4, 20251 Hamburg',
      'lat': 53.596439,
      'lon': 9.987231,
      'status': 'charging',
      'timestamp': '2022-05-17T17:32:53.958Z',
    }),
    dict({
      'address': 'Alsterdorfer Straße 65, 22299 Hamburg',
      'lat': 53.598445,
      'lon': 9.99678,
      'status': 'available',
      'timestamp': '2022-04-25T06:15:13.252Z',
    }),
    dict({
      'address': 'Wallgraben 46, 21073 Hamburg',
      'lat': 53.46371,
      'lon': 9.97891,
      'status': 'charging',
      'timestamp': '2022-05-17T16:21:46.366Z',
    }),
    dict({
      'address': 'Falckweg 3, 22605 Hamburg',
      'lat': 53.55798,
      'lon': 9.88678,
      'status': 'available',
      'timestamp': '2022-05-17T12:06:27.698Z',
    }),
    dict({
      'address': 'E-Ladesäule',
      'lat': 53.58102,
      'lon': 9.93872,
      'status': 'charging',
      'timestamp': '2022-05-17T17:27:17.017Z',
    }),
    dict({
      'address': 'Harvighorster Weg 2, 21031 Hamburg',
      'lat': 53.51413,
      'lon': 10.21144,
      'status': 'charging',
      'timestamp': '2022-05-17T13:58:22.867Z',
    }),
    dict({
      'address': 'Norderstraße 141, 20097 Hamburg',
      'lat': 53.550582,
      'lon': 10.017192,
      'status': 'charging',
      'timestamp': '2022-05-17T16:57:41.230Z',
    }),
    dict({
      'address': 'Barmbeker Straße 62, 22303 Hamburg',
      'lat': 53.58841,
      'lon': 10.01653,
      'status': 'charging',
      'timestamp': '2022-05-17T17:19:02.897Z',
    }),
    dict({
      'address': 'Gilbertstraße 63, 22767 Hamburg',
      'lat': 53.555,
      'lon': 9.95572,
      'status': 'charging',
      'timestamp': '2022-05-17T17:07:20.887Z',
    }),
    dict({
      'address': 'Lohbrügger Landstraße 73A, 21031 Hamburg',
      'lat': 53.50053,
      'lon': 10.19892,
      'status': 'available',
      'timestamp': '2022-05-17T12:29:02.667Z',
    }),
    dict({
      'address': 'Bornheide 10, 22549 Hamburg',
      'lat': 53.584031,
      'lon': 9.854263,
      'status': 'charging',
      'timestamp': '2022-05-17T10:36:06.070Z',
    }),
    dict({
      'address': 'Rahel-Varnhagen-Weg 38, 21035 Hamburg',
      'lat': 53.48683,
      'lon': 10.17926,
      'status': 'available',
      'timestamp': '2022-05-17T16:40:15.688Z',
    }),
    dict({
      'address': 'Roßberg 2, 22089 Hamburg',
      'lat': 53.56783,
      'lon': 10.04944,
      'status': 'available',
      'timestamp': '2022-05-17T09:42:32.160Z',
    }),
    dict({
      'address': 'Eißendorfer Straße 189, 21073 Hamburg',
      'lat': 53.45597,
      'lon': 9.95613,
      'status': 'available',
      'timestamp': '2022-05-16T18:37:26.110Z',
    }),
    dict({
      'address': 'Blankeneser Bahnhofstraße 4, 22587 Hamburg',
      'lat': 53.558932,
      'lon': 9.811458,
      'status': 'charging',
      'timestamp': '2022-05-17T16:11:29.595Z',
    }),
    dict({
      'address': 'Rothenbaumchaussee 60, 20148 Hamburg',
      'lat': 53.5677,
      'lon': 9.98859,
      'status': 'outoforder',
      'timestamp': '2021-06-14T08:39:36.440Z',
    }),
    dict({
      'address': 'Kurt-A.-Körber-Chaussee 35, 21033 Hamburg',
      'lat': 53.48884,
      'lon': 10.19757,
      'status': 'available',
      'timestamp': '2022-05-17T08:50:39.057Z',
    }),
    dict({
      'address': 'Papenhuderstr. 33, 22087 Hamburg',
      'lat': 53.56698,
      'lon': 10.01895,
      'status': 'charging',
      'timestamp': '2022-05-17T16:07:55.820Z',
    }),
    dict({
      'address': 'Kümmellstraße 5, 20249 Hamburg',
      'lat': 53.590221,
      'lon': 9.985175,
      'status': 'available',
      'timestamp': '2022-05-17T17:18:14.140Z',
    }),
    dict({
      'address': 'Garstedter Weg 2, 25474 Hamburg',
      'lat': 53.617892,
      'lon': 9.951152,
      'status': 'charging',
      'timestamp': '2022-03-29T06:20:03.405Z',
    }),
    dict({
      'address': 'Bogenstraße 13, 20144 Hamburg',
      'lat': 53.5721,
      'lon': 9.97617,
      'status': 'charging',
      'timestamp': '2022-05-17T16:58:20.067Z',
    }),
    dict({
      'address': 'Krochmannstraße 53, 22297 Hamburg',
      'lat': 53.601548,
      'lon': 10.002819,
      'status': 'charging',
      'timestamp': '2022-05-17T17:33:30.238Z',
    }),
    dict({
      'address': 'Von-der-Tann-Straße 9, 20259 Hamburg',
      'lat': 53.571906,
      'lon': 9.96071,
      'status': 'charging',
      'timestamp': '2022-02-28T18:55:31.494Z',
    }),
    dict({
      'address': 'Beethovenstraße 68, 22083 Hamburg',
      'lat': 53.579226,
      'lon': 10.031267,
      'status': 'available',
      'timestamp': '2022-05-17T17:21:37.331Z',
    }),
    dict({
      'address': 'Schnackenburgallee 153, 22525 Hamburg',
      'lat': 53.591269,
      'lon': 9.904259,
      'status': 'available',
      'timestamp': '2022-05-17T12:41:51.619Z',
    }),
    dict({
      'address': 'Holstenplatz 14, 22765 Hamburg',
      'lat': 53.561321,
      'lon': 9.94848,
      'status': 'available',
      'timestamp': '2022-05-16T18:43:58.557Z',
    }),
    dict({
      'address': 'Heidrehmen 27, 22589 Hamburg',
      'lat': 53.576412,
      'lon': 9.813505,
      'status': 'available',
      'timestamp': '2022-05-14T21:55:16.466Z',
    }),
    dict({
      'address': 'Wandsbeker Königstraße 11, 22041 Hamburg',
      'lat': 53.572171,
      'lon': 10.064295,
      'status': 'available',
      'timestamp': '2022-05-17T16:39:01.783Z',
    }),
    dict({
      'address': 'Ekenknick 3, 22523 Hamburg',
      'lat': 53.60785,
      'lon': 9.90304,
      'status': 'charging',
      'timestamp': '2022-05-17T17:01:05.205Z',
    }),
    dict({
      'address': 'Museumstraße 23, 22765 Hamburg',
      'lat': 53.54922,
      'lon': 9.9348,
      'status': 'charging',
      'timestamp': '2022-05-17T16:36:41.181Z',
    }),
    dict({
      'address': 'Jacobsenweg 4, 22525 Hamburg',
      'lat': 53.595677,
      'lon': 9.91347,
      'status': 'available',
      'timestamp': '2022-05-17T13:33:45.998Z',
    }),
    dict({
      'address': 'Schleestraße 5, 22767 Hamburg',
      'lat': 53.547203,
      'lon': 9.945393,
      'status': 'available',
      'timestamp': '2022-05-16T20:58:22.309Z',
    }),
    dict({
      'address': 'Eichenstraße 90, 20255 Hamburg',
      'lat': 53.57791,
      'lon': 9.95332,
      'status': 'available',
      'timestamp': '2022-05-17T17:14:57.844Z',
    }),
    dict({
      'address': 'Kattjahren 4, 22359 Hamburg',
      'lat': 53.651913,
      'lon': 10.162925,
      'status': 'charging',
      'timestamp': '2022-05-17T15:53:56.726Z',
    }),
    dict({
      'address': 'Hallerstraße 85, 20149 Hamburg',
      'lat': 53.57281,
      'lon': 9.99007,
      'status': 'available',
      'timestamp': '2022-05-17T17:25:00.412Z',
    }),
    dict({
      'address': 'E-Ladesäule',
      'lat': 53.56129,
      'lon': 9.99077,
      'status': 'outoforder',
      'timestamp': '2022-01-20T13:38:04.290Z',
    }),
    dict({
      'address': 'Kellinghusenstraße 10, 20249 Hamburg',
      'lat': 53.590674,
      'lon': 9.992296,
      'status': 'charging',
      'timestamp': '2022-05-17T16:02:18.335Z',
    }),
    dict({
      'address': 'Groß Flottbeker Straße 72, 22607 Hamburg',
      'lat': 53.568028,
      'lon': 9.87882,
      'status': 'charging',
      'timestamp': '2022-05-17T17:27:51.339Z',
    }),
    dict({
      'address': 'Johanniswall 6, 20095 Hamburg',
      'lat': 53.5489,
      'lon': 10.00487,
      'status': 'charging',
      'timestamp': '2022-05-17T15:26:54.313Z',
    }),
    dict({
      'address': 'Bürgerweide 72, 20535 Hamburg',
      'lat': 53.558287,
      'lon': 10.03643,
      'status': 'available',
      'timestamp': '2022-05-17T16:39:14.716Z',
    }),
    dict({
      'address': 'Bundesstraße 35, 20146 Hamburg',
      'lat': 53.566112,
      'lon': 9.978813,
      'status': 'available',
      'timestamp': '2022-05-17T17:19:58.511Z',
    }),
    dict({
      'address': 'Seilerstraße 16, 20359 Hamburg',
      'lat': 53.55052,
      'lon': 9.966698,
      'status': 'charging',
      'timestamp': '2022-05-17T15:37:07.032Z',
    }),
    dict({
      'address': 'Lessingstraße 21, 22087 Hamburg',
      'lat': 53.565318,
      'lon': 10.030998,
      'status': 'charging',
      'timestamp': '2022-05-17T14:46:23.081Z',
    }),
    dict({
      'address': 'Drehbahn 13, 20354 Hamburg',
      'lat': 53.55652,
      'lon': 9.98496,
      'status': 'outoforder',
      'timestamp': '2022-05-17T15:15:24.588Z',
    }),
    dict({
      'address': 'Holländische Reihe 27, 22765 Hamburg',
      'lat': 53.54769,
      'lon': 9.92881,
      'status': 'charging',
      'timestamp': '2022-05-17T09:26:20.351Z',
    }),
    dict({
      'address': 'Krochmannstraße 2, 22299 Hamburg',
      'lat': 53.59704,
      'lon': 10.00201,
      'status': 'charging',
      'timestamp': '2022-05-17T16:16:28.115Z',
    }),
    dict({
      'address': 'Sportallee 81, 22335 Hamburg',
      'lat': 53.6176,
      'lon': 10.00038,
      'status': 'available',
      'timestamp': '2022-05-17T16:29:21.587Z',
    }),
    dict({
      'address': 'Wilstorfer Straße 58, 21073 Hamburg',
      'lat': 53.45606,
      'lon': 9.986262,
      'status': 'charging',
      'timestamp': '2022-05-17T16:41:08.034Z',
    }),
    dict({
      'address': 'Schaarsteinweg 4, 20459 Hamburg',
      'lat': 53.54601,
      'lon': 9.98108,
      'status': 'outoforder',
      'timestamp': '2022-01-30T05:34:16.986Z',
    }),
    dict({
      'address': 'Johann-Meyer-Straße 54, 21031 Hamburg',
      'lat': 53.490442,
      'lon': 10.205254,
      'status': 'charging',
      'timestamp': '2022-05-17T16:46:49.994Z',
    }),
    dict({
      'address': 'Mannesallee 28, 21107 Hamburg',
      'lat': 53.51429,
      'lon': 9.98789,
      'status': 'charging',
      'timestamp': '2022-05-17T15:36:32.718Z',
    }),
    dict({
      'address': 'Hohenzollernring 24, 22763 Hamburg',
      'lat': 53.54878,
      'lon': 9.91777,
      'status': 'charging',
      'timestamp': '2022-05-17T14:02:43.427Z',
    }),
    dict({
      'address': 'Englische Planke 16, 20459 Hamburg',
      'lat': 53.5478,
      'lon': 9.97813,
      'status': 'available',
      'timestamp': '2022-02-03T07:02:12.744Z',
    }),
    dict({
      'address': 'Tangstedter Landstraße 83, 22415 Hamburg',
      'lat': 53.65261,
      'lon': 10.01873,
      'status': 'outoforder',
      'timestamp': '2022-04-26T08:47:00.952Z',
    }),
    dict({
      'address': 'Marienthaler Straße 1, 20535 Hamburg',
      'lat': 53.56062,
      'lon': 10.03833,
      'status': 'outoforder',
      'timestamp': '2022-01-20T08:03:16.863Z',
    }),
    dict({
      'address': 'Steintwiete 18, 20459 Hamburg',
      'lat': 53.546486,
      'lon': 9.986622,
      'status': 'charging',
      'timestamp': '2022-05-17T15:55:49.135Z',
    }),
    dict({
      'address': 'Beim Berliner Tor 2, 20099 Hamburg',
      'lat': 53.55314,
      'lon': 10.0236,
      'status': 'outoforder',
      'timestamp': '2020-10-05T14:02:10.182Z',
    }),
  ])
# ---
