# name: test_extract_ev_charging_events
  list([
    dict({
      'address': 'Am Born 6B, 22765 Hamburg',
      'latitude': 53.55308,
      'longitude': 9.9266,
      'status': 'charging',
      'timestamp': '2021-10-27T10:19:40.308Z',
    }),
    dict({
      'address': 'Bei der Johanniskirche 16, 22767 Hamburg',
      'latitude': 53.55989,
      'longitude': 9.95406,
      'status': '',
      'timestamp': '2020-12-23T10:20:00.861Z',
    }),
    dict({
      'address': 'Hühnerposten 14, 20097 Hamburg',
      'latitude': 53.5498,
      'longitude': 10.00964,
      'status': '',
      'timestamp': '2020-08-24T08:45:49.315Z',
    }),
    dict({
      'address': 'Falkentaler Weg 4, 22587 Hamburg',
      'latitude': 53.55993,
      'longitude': 9.79076,
      'status': 'charging',
      'timestamp': '2020-08-27T08:35:56.545Z',
    }),
    dict({
      'address': 'Großmoorring 11, 21079 Hamburg',
      'latitude': 53.45709,
      'longitude': 10.00606,
      'status': '',
      'timestamp': '2020-08-25T08:46:14.790Z',
    }),
    dict({
      'address': 'Gertigstraße 64, 22303 Hamburg',
      'latitude': 53.582853,
      'longitude': 10.018196,
      'status': 'charging',
      'timestamp': '2020-12-23T09:08:35.232Z',
    }),
    dict({
      'address': 'Bornstraße 18, 20146 Hamburg',
      'latitude': 53.568175,
      'longitude': 9.981787,
      'status': 'charging',
      'timestamp': '2021-10-27T10:26:36.550Z',
    }),
    dict({
      'address': 'Dithmarscher Straße 9, 22049 Hamburg',
      'latitude': 53.5773,
      'longitude': 10.05948,
      'status': 'available',
      'timestamp': '2020-12-23T09:04:44.075Z',
    }),
    dict({
      'address': 'Luruper Hauptstraße 138, 22547 Hamburg',
      'latitude': 53.591702,
      'longitude': 9.872562,
      'status': 'available',
      'timestamp': '2020-12-23T08:26:00.314Z',
    }),
    dict({
      'address': 'Dehnhaide 111, 22081 Hamburg',
      'latitude': 53.57909,
      'longitude': 10.05152,
      'status': '',
      'timestamp': '2020-08-25T09:44:34.569Z',
    }),
    dict({
      'address': 'Schinkelstraße 1, 22303 Hamburg',
      'latitude': 53.581918,
      'longitude': 10.01352,
      'status': 'charging',
      'timestamp': '2021-10-27T10:19:47.339Z',
    }),
    dict({
      'address': 'Heinrich-Barth-Straße 18, 20146 Hamburg',
      'latitude': 53.57139,
      'longitude': 9.98122,
      'status': 'charging',
      'timestamp': '2020-08-24T07:40:42.292Z',
    }),
    dict({
      'address': 'Düppelstraße 23, 22769 Hamburg',
      'latitude': 53.564417,
      'longitude': 9.947559,
      'status': '',
      'timestamp': '2020-08-24T08:12:59.189Z',
    }),
    dict({
      'address': 'Heegbarg 12, 22391 Hamburg',
      'latitude': 53.65365,
      'longitude': 10.09258,
      'status': 'available',
      'timestamp': '2020-08-24T10:12:38.265Z',
    }),
    dict({
      'address': 'Bartelsstraße 41, 20357 Hamburg',
      'latitude': 53.56241,
      'longitude': 9.96418,
      'status': 'charging',
      'timestamp': '2021-10-27T10:29:24.137Z',
    }),
    dict({
      'address': 'Oelkersallee 1, 22769 Hamburg',
      'latitude': 53.56183,
      'longitude': 9.95388,
      'status': '',
      'timestamp': '2020-08-24T14:16:32.989Z',
    }),
    dict({
      'address': 'Löwenstraße 20, 20251 Hamburg',
      'latitude': 53.58378,
      'longitude': 9.97836,
      'status': 'charging',
      'timestamp': '2021-10-27T10:17:11.652Z',
    }),
    dict({
      'address': 'Eppendorfer Weg 86, 20259 Hamburg',
      'latitude': 53.57424,
      'longitude': 9.96188,
      'status': 'outoforder',
      'timestamp': '2019-11-08T02:45:28.927Z',
    }),
    dict({
      'address': 'Grasweg 6, 22299 Hamburg',
      'latitude': 53.59282,
      'longitude': 10.00215,
      'status': 'charging',
      'timestamp': '2020-08-24T08:45:44.327Z',
    }),
    dict({
      'address': 'Öjendorfer Damm 60, 22043 Hamburg',
      'latitude': 53.5718,
      'longitude': 10.13653,
      'status': '',
      'timestamp': '2020-12-23T08:48:15.032Z',
    }),
    dict({
      'address': 'Volksdorfer Damm 252, 22395 Hamburg',
      'latitude': 53.67102,
      'longitude': 10.12931,
      'status': 'charging',
      'timestamp': '2021-10-27T10:03:51.332Z',
    }),
    dict({
      'address': 'Jütländer Allee 47, 22527 Hamburg',
      'latitude': 53.6,
      'longitude': 9.92848,
      'status': '',
      'timestamp': '2020-08-24T16:41:53.219Z',
    }),
    dict({
      'address': 'Tondernstraße 24, 20564 Hamburg',
      'latitude': 53.587491,
      'longitude': 10.064361,
      'status': 'charging',
      'timestamp': '2022-02-25T04:29:20.956Z',
    }),
    dict({
      'address': 'Hohenesch 50, 22765 Hamburg',
      'latitude': 53.554339,
      'longitude': 9.930795,
      'status': 'charging',
      'timestamp': '2020-12-23T10:10:31.798Z',
    }),
    dict({
      'address': 'Mühlendamm 29, 22087 Hamburg',
      'latitude': 53.561396,
      'longitude': 10.025129,
      'status': 'charging',
      'timestamp': '2021-11-25T00:57:58.053Z',
    }),
    dict({
      'address': 'Neumann-Reichard-Straße 22, 22041 Hamburg',
      'latitude': 53.57273,
      'longitude': 10.07915,
      'status': 'available',
      'timestamp': '2020-08-24T09:17:35.363Z',
    }),
    dict({
      'address': 'Rathausstraße 6, 20095 Hamburg',
      'latitude': 53.549964,
      'longitude': 9.994737,
      'status': '',
      'timestamp': '2020-08-24T08:48:50.561Z',
    }),
    dict({
      'address': 'Heilwigstraße 2, 20249 Hamburg',
      'latitude': 53.580799,
      'longitude': 9.996298,
      'status': '',
      'timestamp': '2020-08-24T09:20:35.944Z',
    }),
    dict({
      'address': 'Saseler Chaussee 109, 22393 Hamburg',
      'latitude': 53.644017,
      'longitude': 10.09984,
      'status': '',
      'timestamp': '2020-08-24T07:50:36.442Z',
    }),
    dict({
      'address': 'Finkenau 11, 22081 Hamburg',
      'latitude': 53.57045,
      'longitude': 10.03116,
      'status': 'charging',
      'timestamp': '2020-12-23T08:16:25.143Z',
    }),
    dict({
      'address': 'Kantstraße 4, 22089 Hamburg',
      'latitude': 53.56909,
      'longitude': 10.05361,
      'status': 'charging',
      'timestamp': '2020-12-23T09:35:32.147Z',
    }),
    dict({
      'address': 'Überseering 10, 22297 Hamburg',
      'latitude': 53.604371,
      'longitude': 10.026856,
      'status': 'charging',
      'timestamp': '2021-11-25T01:20:16.282Z',
    }),
    dict({
      'address': 'Tibarg 24, 22459 Hamburg',
      'latitude': 53.61896,
      'longitude': 9.95122,
      'status': 'outoforder',
      'timestamp': '2022-01-01T01:49:19.349Z',
    }),
    dict({
      'address': 'Essener Bogen 1, 22419 Hamburg',
      'latitude': 53.674787,
      'longitude': 9.996345,
      'status': 'charging',
      'timestamp': '2020-08-24T08:02:40.897Z',
    }),
    dict({
      'address': 'Esmarchstraße 51, 22767 Hamburg',
      'latitude': 53.55422,
      'longitude': 9.94347,
      'status': '',
      'timestamp': '2020-08-28T07:34:31.710Z',
    }),
    dict({
      'address': 'Brauerknechtgraben 55, 22459 Hamburg',
      'latitude': 53.546024,
      'longitude': 9.97634,
      'status': 'charging',
      'timestamp': '2020-12-23T08:32:45.870Z',
    }),
    dict({
      'address': 'Stormarnplatz 1, 22393 Hamburg',
      'latitude': 53.651655,
      'longitude': 10.094765,
      'status': 'charging',
      'timestamp': '2021-11-25T02:11:00.799Z',
    }),
    dict({
      'address': 'Rahlstedter Straße 154, 22143 Hamburg',
      'latitude': 53.60436,
      'longitude': 10.16062,
      'status': 'charging',
      'timestamp': '2020-08-24T15:20:00.024Z',
    }),
    dict({
      'address': 'Nedderfeld 80, 22529 Hamburg',
      'latitude': 53.60157,
      'longitude': 9.97556,
      'status': '',
      'timestamp': '2020-08-25T09:39:26.508Z',
    }),
    dict({
      'address': 'Großer Schippsee 18, 21073 Hamburg',
      'latitude': 53.460619,
      'longitude': 9.98337,
      'status': 'charging',
      'timestamp': '2020-08-25T09:46:33.086Z',
    }),
    dict({
      'address': 'Frankenstraße 35, 20097 Hamburg',
      'latitude': 53.549576,
      'longitude': 10.026147,
      'status': 'charging',
      'timestamp': '2020-08-24T10:48:45.471Z',
    }),
    dict({
      'address': 'Veringstraße 173, 21107 Hamburg',
      'latitude': 53.50427,
      'longitude': 9.98539,
      'status': 'charging',
      'timestamp': '2020-08-24T08:32:01.198Z',
    }),
    dict({
      'address': 'Holstenstraße 156, 20535 Hamburg',
      'latitude': 53.559071,
      'longitude': 9.94859,
      'status': 'available',
      'timestamp': '2020-08-24T08:43:36.503Z',
    }),
    dict({
      'address': 'Schubackstraße 4, 20251 Hamburg',
      'latitude': 53.596439,
      'longitude': 9.987231,
      'status': 'charging',
      'timestamp': '2020-08-24T08:48:45.968Z',
    }),
    dict({
      'address': 'Alsterdorfer Straße 65, 22299 Hamburg',
      'latitude': 53.598445,
      'longitude': 9.99678,
      'status': 'charging',
      'timestamp': '2021-10-27T10:19:26.278Z',
    }),
    dict({
      'address': 'Wallgraben 46, 21073 Hamburg',
      'latitude': 53.46371,
      'longitude': 9.97891,
      'status': 'available',
      'timestamp': '2020-08-24T11:32:47.342Z',
    }),
    dict({
      'address': 'Falckweg 3, 22605 Hamburg',
      'latitude': 53.55798,
      'longitude': 9.88678,
      'status': 'available',
      'timestamp': '2020-12-23T10:07:51.857Z',
    }),
    dict({
      'address': 'E-Ladesäule',
      'latitude': 53.58102,
      'longitude': 9.93872,
      'status': 'charging',
      'timestamp': '2022-04-06T00:58:24.716Z',
    }),
    dict({
      'address': 'Harvighorster Weg 2, 21031 Hamburg',
      'latitude': 53.51413,
      'longitude': 10.21144,
      'status': 'available',
      'timestamp': '2020-08-25T06:32:03.975Z',
    }),
    dict({
      'address': 'Norderstraße 141, 20097 Hamburg',
      'latitude': 53.550582,
      'longitude': 10.017192,
      'status': 'charging',
      'timestamp': '2021-11-25T02:44:00.974Z',
    }),
    dict({
      'address': 'Barmbeker Straße 62, 22303 Hamburg',
      'latitude': 53.58841,
      'longitude': 10.01653,
      'status': '',
      'timestamp': '2020-08-25T17:39:30.321Z',
    }),
    dict({
      'address': 'Gilbertstraße 63, 22767 Hamburg',
      'latitude': 53.555,
      'longitude': 9.95572,
      'status': 'charging',
      'timestamp': '2020-08-24T20:36:35.029Z',
    }),
    dict({
      'address': 'Lohbrügger Landstraße 73A, 21031 Hamburg',
      'latitude': 53.50053,
      'longitude': 10.19892,
      'status': 'charging',
      'timestamp': '2020-08-25T11:13:55.574Z',
    }),
    dict({
      'address': 'Bornheide 10, 22549 Hamburg',
      'latitude': 53.584031,
      'longitude': 9.854263,
      'status': 'charging',
      'timestamp': '2020-08-24T08:32:02.087Z',
    }),
    dict({
      'address': 'Rahel-Varnhagen-Weg 38, 21035 Hamburg',
      'latitude': 53.48683,
      'longitude': 10.17926,
      'status': '',
      'timestamp': '2020-12-23T08:49:00.519Z',
    }),
    dict({
      'address': 'Roßberg 2, 22089 Hamburg',
      'latitude': 53.56783,
      'longitude': 10.04944,
      'status': 'available',
      'timestamp': '2020-08-24T09:10:05.071Z',
    }),
    dict({
      'address': 'Eißendorfer Straße 189, 21073 Hamburg',
      'latitude': 53.45597,
      'longitude': 9.95613,
      'status': 'charging',
      'timestamp': '2021-12-24T01:36:46.203Z',
    }),
    dict({
      'address': 'Blankeneser Bahnhofstraße 4, 22587 Hamburg',
      'latitude': 53.558932,
      'longitude': 9.811458,
      'status': 'charging',
      'timestamp': '2020-08-24T14:06:46.882Z',
    }),
    dict({
      'address': 'Rothenbaumchaussee 60, 20148 Hamburg',
      'latitude': 53.5677,
      'longitude': 9.98859,
      'status': 'available',
      'timestamp': '2020-08-25T09:33:03.434Z',
    }),
    dict({
      'address': 'Kurt-A.-Körber-Chaussee 35, 21033 Hamburg',
      'latitude': 53.48884,
      'longitude': 10.19757,
      'status': 'charging',
      'timestamp': '2020-12-23T09:37:09.806Z',
    }),
    dict({
      'address': 'Papenhuderstr. 33, 22087 Hamburg',
      'latitude': 53.56698,
      'longitude': 10.01895,
      'status': 'charging',
      'timestamp': '2020-08-24T17:30:46.280Z',
    }),
    dict({
      'address': 'Kümmellstraße 5, 20249 Hamburg',
      'latitude': 53.590221,
      'longitude': 9.985175,
      'status': 'charging',
      'timestamp': '2020-08-24T10:43:06.253Z',
    }),
    dict({
      'address': 'Garstedter Weg 2, 25474 Hamburg',
      'latitude': 53.617892,
      'longitude': 9.951152,
      'status': 'charging',
      'timestamp': '2020-08-24T14:43:39.067Z',
    }),
    dict({
      'address': 'Bogenstraße 13, 20144 Hamburg',
      'latitude': 53.5721,
      'longitude': 9.97617,
      'status': 'charging',
      'timestamp': '2021-10-27T10:04:47.341Z',
    }),
    dict({
      'address': 'Krochmannstraße 53, 22297 Hamburg',
      'latitude': 53.601548,
      'longitude': 10.002819,
      'status': 'charging',
      'timestamp': '2020-12-23T11:05:58.982Z',
    }),
    dict({
      'address': 'Von-der-Tann-Straße 9, 20259 Hamburg',
      'latitude': 53.571906,
      'longitude': 9.96071,
      'status': 'available',
      'timestamp': '2020-12-23T08:36:26.703Z',
    }),
    dict({
      'address': 'Beethovenstraße 68, 22083 Hamburg',
      'latitude': 53.579226,
      'longitude': 10.031267,
      'status': '',
      'timestamp': '2020-12-23T08:58:24.495Z',
    }),
    dict({
      'address': 'Schnackenburgallee 153, 22525 Hamburg',
      'latitude': 53.591269,
      'longitude': 9.904259,
      'status': 'charging',
      'timestamp': '2020-12-23T10:17:57.128Z',
    }),
    dict({
      'address': 'Holstenplatz 14, 22765 Hamburg',
      'latitude': 53.561321,
      'longitude': 9.94848,
      'status': '',
      'timestamp': '2020-12-23T10:04:31.996Z',
    }),
    dict({
      'address': 'Heidrehmen 27, 22589 Hamburg',
      'latitude': 53.576412,
      'longitude': 9.813505,
      'status': 'available',
      'timestamp': '2021-12-24T02:52:46.617Z',
    }),
    dict({
      'address': 'Wandsbeker Königstraße 11, 22041 Hamburg',
      'latitude': 53.572171,
      'longitude': 10.064295,
      'status': 'charging',
      'timestamp': '2020-08-24T10:03:30.389Z',
    }),
    dict({
      'address': 'Ekenknick 3, 22523 Hamburg',
      'latitude': 53.60785,
      'longitude': 9.90304,
      'status': 'charging',
      'timestamp': '2020-08-24T12:33:33.470Z',
    }),
    dict({
      'address': 'Museumstraße 23, 22765 Hamburg',
      'latitude': 53.54922,
      'longitude': 9.9348,
      'status': '',
      'timestamp': '2020-08-29T06:47:29.123Z',
    }),
    dict({
      'address': 'Jacobsenweg 4, 22525 Hamburg',
      'latitude': 53.595677,
      'longitude': 9.91347,
      'status': 'charging',
      'timestamp': '2021-10-27T11:09:42.682Z',
    }),
    dict({
      'address': 'Schleestraße 5, 22767 Hamburg',
      'latitude': 53.547203,
      'longitude': 9.945393,
      'status': 'charging',
      'timestamp': '2021-10-27T10:08:34.200Z',
    }),
    dict({
      'address': 'Eichenstraße 90, 20255 Hamburg',
      'latitude': 53.57791,
      'longitude': 9.95332,
      'status': 'available',
      'timestamp': '2020-08-24T08:52:23.221Z',
    }),
    dict({
      'address': 'Kattjahren 4, 22359 Hamburg',
      'latitude': 53.651913,
      'longitude': 10.162925,
      'status': 'charging',
      'timestamp': '2020-08-24T13:10:38.433Z',
    }),
    dict({
      'address': 'Hallerstraße 85, 20149 Hamburg',
      'latitude': 53.57281,
      'longitude': 9.99007,
      'status': 'charging',
      'timestamp': '2019-11-08T03:12:07.968Z',
    }),
    dict({
      'address': 'E-Ladesäule',
      'latitude': 53.56129,
      'longitude': 9.99077,
      'status': 'available',
      'timestamp': '2020-08-24T08:43:38.030Z',
    }),
    dict({
      'address': 'Kellinghusenstraße 10, 20249 Hamburg',
      'latitude': 53.590674,
      'longitude': 9.992296,
      'status': '',
      'timestamp': '2020-08-24T19:25:34.840Z',
    }),
    dict({
      'address': 'Groß Flottbeker Straße 72, 22607 Hamburg',
      'latitude': 53.568028,
      'longitude': 9.87882,
      'status': 'charging',
      'timestamp': '2020-12-23T08:32:52.167Z',
    }),
    dict({
      'address': 'Johanniswall 6, 20095 Hamburg',
      'latitude': 53.5489,
      'longitude': 10.00487,
      'status': '',
      'timestamp': '2020-08-24T08:23:45.000Z',
    }),
    dict({
      'address': 'Bürgerweide 72, 20535 Hamburg',
      'latitude': 53.558287,
      'longitude': 10.03643,
      'status': 'charging',
      'timestamp': '2019-11-08T07:16:55.724Z',
    }),
    dict({
      'address': 'Bundesstraße 35, 20146 Hamburg',
      'latitude': 53.566112,
      'longitude': 9.978813,
      'status': 'available',
      'timestamp': '2020-08-24T08:56:33.933Z',
    }),
    dict({
      'address': 'Seilerstraße 16, 20359 Hamburg',
      'latitude': 53.55052,
      'longitude': 9.966698,
      'status': 'available',
      'timestamp': '2019-11-08T02:35:22.114Z',
    }),
    dict({
      'address': 'Lessingstraße 21, 22087 Hamburg',
      'latitude': 53.565318,
      'longitude': 10.030998,
      'status': '',
      'timestamp': '2020-08-24T13:52:03.360Z',
    }),
    dict({
      'address': 'Drehbahn 13, 20354 Hamburg',
      'latitude': 53.55652,
      'longitude': 9.98496,
      'status': 'charging',
      'timestamp': '2020-08-24T08:29:23.074Z',
    }),
    dict({
      'address': 'Holländische Reihe 27, 22765 Hamburg',
      'latitude': 53.54769,
      'longitude': 9.92881,
      'status': '',
      'timestamp': '2020-08-24T08:54:32.483Z',
    }),
    dict({
      'address': 'Krochmannstraße 2, 22299 Hamburg',
      'latitude': 53.59704,
      'longitude': 10.00201,
      'status': '',
      'timestamp': '2020-08-24T07:43:54.437Z',
    }),
    dict({
      'address': 'Sportallee 81, 22335 Hamburg',
      'latitude': 53.6176,
      'longitude': 10.00038,
      'status': 'charging',
      'timestamp': '2020-12-23T08:20:34.685Z',
    }),
    dict({
      'address': 'Wilstorfer Straße 58, 21073 Hamburg',
      'latitude': 53.45606,
      'longitude': 9.986262,
      'status': 'charging',
      'timestamp': '2020-08-25T06:34:41.125Z',
    }),
    dict({
      'address': 'Schaarsteinweg 4, 20459 Hamburg',
      'latitude': 53.54601,
      'longitude': 9.98108,
      'status': 'available',
      'timestamp': '2020-12-23T15:38:18.251Z',
    }),
    dict({
      'address': 'Johann-Meyer-Straße 54, 21031 Hamburg',
      'latitude': 53.490442,
      'longitude': 10.205254,
      'status': 'charging',
      'timestamp': '2022-02-20T04:25:03.936Z',
    }),
    dict({
      'address': 'Mannesallee 28, 21107 Hamburg',
      'latitude': 53.51429,
      'longitude': 9.98789,
      'status': '',
      'timestamp': '2020-08-24T15:47:49.490Z',
    }),
    dict({
      'address': 'Hohenzollernring 24, 22763 Hamburg',
      'latitude': 53.54878,
      'longitude': 9.91777,
      'status': '',
      'timestamp': '2020-12-23T08:47:34.057Z',
    }),
    dict({
      'address': 'Englische Planke 16, 20459 Hamburg',
      'latitude': 53.5478,
      'longitude': 9.97813,
      'status': 'charging',
      'timestamp': '2020-08-24T13:09:47.239Z',
    }),
    dict({
      'address': 'Tangstedter Landstraße 83, 22415 Hamburg',
      'latitude': 53.65261,
      'longitude': 10.01873,
      'status': 'charging',
      'timestamp': '2022-02-20T04:35:43.906Z',
    }),
    dict({
      'address': 'Marienthaler Straße 1, 20535 Hamburg',
      'latitude': 53.56062,
      'longitude': 10.03833,
      'status': 'charging',
      'timestamp': '2020-12-23T08:30:58.516Z',
    }),
    dict({
      'address': 'Steintwiete 18, 20459 Hamburg',
      'latitude': 53.546486,
      'longitude': 9.986622,
      'status': 'available',
      'timestamp': '2020-08-24T08:17:18.019Z',
    }),
    dict({
      'address': 'Beim Berliner Tor 2, 20099 Hamburg',
      'latitude': 53.55314,
      'longitude': 10.0236,
      'status': 'charging',
      'timestamp': '2020-08-24T13:32:05.221Z',
    }),
  ])
# ---
